 gcc -g p4original.c
 gdb a.out
GNU gdb (Ubuntu 8.1.1-0ubuntu1) 8.1.1
Copyright (C) 2018 Free Software Foundation, Inc.
License GPLv3+: GNU GPL version 3 or later <http://gnu.org/licenses/gpl.html>
This is free software: you are free to change and redistribute it.
There is NO WARRANTY, to the extent permitted by law.  Type "show copying"
and "show warranty" for details.
This GDB was configured as "x86_64-linux-gnu".
Type "show configuration" for configuration details.
For bug reporting instructions, please see:
<http://www.gnu.org/software/gdb/bugs/>.
Find the GDB manual and other documentation resources online at:
<http://www.gnu.org/software/gdb/documentation/>.
For help, type "help".
Type "apropos word" to search for commands related to "word"...
Reading symbols from a.out...done.
(gdb) break main
Breakpoint 1 at 0x8f6: file p4original.c, line 34.
(gdb) r
Starting program: /home/runner/pps-IA1-practice/a.out 
warning: Error disabling address space randomization: Operation not permitted

Breakpoint 1, main () at p4original.c:34
34  {
(gdb) n
35      int n = input();
(gdb) n
Enter the given number2
36      int a[n];
(gdb) n
37      arrayyy(n, a);
(gdb) n
enter the number
2
enter the number
3
38      int sum = summ(n, a);
(gdb) n
39      output(n, a, sum);
(gdb) n
2+3=5
40      return 0;
(gdb) n
41  }(gdb) n
__libc_start_main (main=0x56226f0008e5 <main>, argc=1, argv=0x7ffebf7fb0c8, 
    init=<optimized out>, fini=<optimized out>, rtld_fini=<optimized out>, 
    stack_end=0x7ffebf7fb0b8) at ../csu/libc-start.c:344
344 ../csu/libc-start.c: No such file or directory.
(gdb) n
[Inferior 1 (process 1072) exited normally]
(gdb) n